// Jest Snapshot v1, https://goo.gl/fbAQLP

exports[`should return files 1`] = `
Object {
  "files": Array [
    Object {
      "content": "\\"use strict\\";

const { Deployment } = require(\\"kubernetes-models/api/apps/v1\\");
const { Service } = require(\\"kubernetes-models/api/core/v1\\");

const metadata = { name: \\"foo\\" };
const labels = { app: \\"foo\\" };

const deployment = new Deployment({
  metadata,
  spec: {
    replicas: 3,
    selector: {
      matchLabels: labels
    },
    template: {
      metadata: {
        labels
      },
      spec: {
        containers: [
          {
            image: \\"foo:bar\\",
            name: \\"foo\\",
            ports: [{
              containerPort: 5678
            }]
          }
        ]
      }
    }
  }
});

const service = new Service({
  metadata,
  spec: {
    selector: labels,
    type: \\"NodePort\\",
    ports: [
      {
        port: 1234,
        targetPort: 5678
      }
    ]
  }
});

module.exports = [deployment, service];
",
      "path": "components/foo.js",
    },
  ],
}
`;
