// Jest Snapshot v1, https://goo.gl/fbAQLP

exports[`should print the message 1`] = `"success                      Components are valid"`;
