// Jest Snapshot v1, https://goo.gl/fbAQLP

exports[`loadConfig when file exists should load the config 1`] = `
Object {
  "components": Array [
    "b",
    "c",
  ],
  "environments": Object {
    "dev": Object {
      "components": Array [
        "f",
        "g",
      ],
      "require": Array [
        "d",
        "e",
      ],
      Symbol(type): Symbol(table),
      Symbol(declared): true,
    },
    "prod": Object {
      "components": Array [
        "i",
        "j",
      ],
      "require": Array [
        "h",
      ],
      Symbol(type): Symbol(table),
      Symbol(declared): true,
    },
    Symbol(type): Symbol(table),
    Symbol(declared): false,
  },
  "require": Array [
    "a",
  ],
  Symbol(type): Symbol(table),
  Symbol(declared): false,
}
`;

exports[`searchConfig succeed when config is at kosko.toml should load the config 1`] = `
Object {
  "components": Array [
    "b",
    "c",
  ],
  "environments": Object {
    "dev": Object {
      "components": Array [
        "f",
        "g",
      ],
      "require": Array [
        "d",
        "e",
      ],
      Symbol(type): Symbol(table),
      Symbol(declared): true,
    },
    "prod": Object {
      "components": Array [
        "i",
        "j",
      ],
      "require": Array [
        "h",
      ],
      Symbol(type): Symbol(table),
      Symbol(declared): true,
    },
    Symbol(type): Symbol(table),
    Symbol(declared): false,
  },
  "require": Array [
    "a",
  ],
  Symbol(type): Symbol(table),
  Symbol(declared): false,
}
`;
